
> brain-bot-app@0.1.0 build
> next build

Ôû▓ Next.js 16.1.1 (Turbopack)
- Environments: .env

node.exe : ÔÜá The 
"middleware" file 
convention is 
deprecated. Please 
use "proxy" 
instead. Learn 
more: https://nextjs
.org/docs/messages/m
iddleware-to-proxy
En D:\Program Files\
nodejs\npm.ps1: 29 
Carácter: 3
+   & $NODE_EXE 
$NPM_CLI_JS $args
+   ~~~~~~~~~~~~~~~~
~~~~~~~~~~~~~
    + CategoryInfo  
            : NotS  
  pecified: (ÔÜá    
 The "middle...l    
eware-to-proxy:    
String) [], Rem    
oteException
    + FullyQualifie 
   dErrorId : Nati  
  veCommandError
 
  Creating an optimized production build ...

> Build error 
occurred
Error: Turbopack 
build failed with 1 
errors:
./components/project
s/create-target-butt
on.tsx:20:1
Module not found: 
Can't resolve 
'sonner'
[0m [90m 18 
|[39m 
[36mimport[39m { 
createTarget } 
[36mfrom[39m [32m
"@/lib/actions/proje
cts"[39m
 [90m 19 |[39m 
[36mimport[39m { 
[33mTarget[39m[33m
,[39m [33mLoader2
[39m[33m,[39m 
[33mInfo[39m } 
[36mfrom[39m [32m
"lucide-react"[39m
[31m[1m>[22m[39m
[90m 20 |[39m 
[36mimport[39m { 
toast } 
[36mfrom[39m 
[32m"sonner"[39m
 [90m    |[39m [3
1m[1m^[22m[39m[3
1m[1m^[22m[39m[3
1m[1m^[22m[39m[3
1m[1m^[22m[39m[3
1m[1m^[22m[39m[3
1m[1m^[22m[39m[3
1m[1m^[22m[39m[3
1m[1m^[22m[39m[3
1m[1m^[22m[39m[3
1m[1m^[22m[39m[3
1m[1m^[22m[39m[3
1m[1m^[22m[39m[3
1m[1m^[22m[39m[3
1m[1m^[22m[39m[3
1m[1m^[22m[39m[3
1m[1m^[22m[39m[3
1m[1m^[22m[39m[3
1m[1m^[22m[39m[3
1m[1m^[22m[39m[3
1m[1m^[22m[39m[3
1m[1m^[22m[39m[3
1m[1m^[22m[39m[3
1m[1m^[22m[39m[3
1m[1m^[22m[39m[3
1m[1m^[22m[39m[3
1m[1m^[22m[39m[3
1m[1m^[22m[39m[3
1m[1m^[22m[39m[3
1m[1m^[22m[39m[3
1m[1m^[22m[39m
 [90m 21 |[39m
 [90m 22 |[39m 
[36mexport[39m 
[36mfunction[39m 
[33mCreateTargetButt
on[39m({ projectId
[33m,[39m 
projectName 
}[33m:[39m { proje
ctId[33m:[39m 
string[33m,[39m pr
ojectName[33m:[39m
 string }) {
 [90m 23 |[39m    
 [36mconst[39m 
[open[33m,[39m 
setOpen] 
[33m=[39m useState
([36mfalse[39m)[0
m



Import traces:
  Client Component 
Browser:
    ./components/pro
jects/create-target-
button.tsx [Client 
Component Browser]
    ./components/pro
jects/projects-list.
tsx [Client 
Component Browser]
    ./components/pro
jects/projects-list.
tsx [Server 
Component]
    ./app/(dashboard
)/dashboard/projects
/page.tsx [Server 
Component]

  Client Component 
SSR:
    ./components/pro
jects/create-target-
button.tsx [Client 
Component SSR]
    ./components/pro
jects/projects-list.
tsx [Client 
Component SSR]
    ./components/pro
jects/projects-list.
tsx [Server 
Component]
    ./app/(dashboard
)/dashboard/projects
/page.tsx [Server 
Component]

https://nextjs.org/d
ocs/messages/module-
not-found


    at <unknown> (./
components/projects/
create-target-button
.tsx:20:1)
    at <unknown> (ht
tps://nextjs.org/doc
s/messages/module-no
t-found)
